ACER@DESKTOP-QUAJ9I6 MINGW64 /d/Personlich/RemoteObsidian (main)
$ python .agent/skills/vault-organizer/scripts/migrate_taxonomy.py
2026-05-25 00:31:11 [INFO] ============================================================
2026-05-25 00:31:11 [INFO] migrate_taxonomy  [DRY-RUN]  2026-05-24T17:31:11.876754+00:00
2026-05-25 00:31:11 [INFO] Vault root: D:\Personlich\RemoteObsidian
2026-05-25 00:31:11 [INFO] ============================================================
2026-05-25 00:31:11 [INFO] Source: D:\Personlich\RemoteObsidian\Artificial_Intelligence\3_RESOURCES\Artificial Intelligent
2026-05-25 00:31:11 [INFO] Destination parent: D:\Personlich\RemoteObsidian\Artificial_Intelligence\3_RESOURCES
2026-05-25 00:31:11 [INFO] WOULD MOVE directory: D:\Personlich\RemoteObsidian\Artificial_Intelligence\3_RESOURCES\Artificial Intelligent\AWS & Cloud → D:\Personlich\RemoteObsidian\Artificial_Intelligence\3_RESOURCES\AWS & Cloud
2026-05-25 00:31:11 [INFO] WOULD MOVE directory: D:\Personlich\RemoteObsidian\Artificial_Intelligence\3_RESOURCES\Artificial Intelligent\Big Data & Databases → D:\Personlich\RemoteObsidian\Artificial_Intelligence\3_RESOURCES\Big Data & Databases
2026-05-25 00:31:11 [INFO] WOULD MOVE directory: D:\Personlich\RemoteObsidian\Artificial_Intelligence\3_RESOURCES\Artificial Intelligent\Computer Vision → D:\Personlich\RemoteObsidian\Artificial_Intelligence\3_RESOURCES\Computer Vision
2026-05-25 00:31:11 [INFO] WOULD MOVE directory: D:\Personlich\RemoteObsidian\Artificial_Intelligence\3_RESOURCES\Artificial Intelligent\Deep Learning → D:\Personlich\RemoteObsidian\Artificial_Intelligence\3_RESOURCES\Deep Learning
2026-05-25 00:31:11 [INFO] WOULD MOVE directory: D:\Personlich\RemoteObsidian\Artificial_Intelligence\3_RESOURCES\Artificial Intelligent\General AI → D:\Personlich\RemoteObsidian\Artificial_Intelligence\3_RESOURCES\General AI
2026-05-25 00:31:11 [INFO] WOULD MOVE directory: D:\Personlich\RemoteObsidian\Artificial_Intelligence\3_RESOURCES\Artificial Intelligent\Machine Learning → D:\Personlich\RemoteObsidian\Artificial_Intelligence\3_RESOURCES\Machine Learning
2026-05-25 00:31:11 [INFO] WOULD MOVE directory: D:\Personlich\RemoteObsidian\Artificial_Intelligence\3_RESOURCES\Artificial Intelligent\Mathematics → D:\Personlich\RemoteObsidian\Artificial_Intelligence\3_RESOURCES\Mathematics
2026-05-25 00:31:11 [INFO] WOULD MOVE directory: D:\Personlich\RemoteObsidian\Artificial_Intelligence\3_RESOURCES\Artificial Intelligent\NLP & RAG → D:\Personlich\RemoteObsidian\Artificial_Intelligence\3_RESOURCES\NLP & RAG 
2026-05-25 00:31:11 [INFO] WOULD MOVE directory: D:\Personlich\RemoteObsidian\Artificial_Intelligence\3_RESOURCES\Artificial Intelligent\Softmax → D:\Personlich\RemoteObsidian\Artificial_Intelligence\3_RESOURCES\Softmax     
2026-05-25 00:31:11 [INFO] Found context JSON: D:\Personlich\RemoteObsidian\Artificial_Intelligence\.obsidian\summerized-context.json
2026-05-25 00:31:11 [INFO] Context JSON is empty; nothing to update.
2026-05-25 00:31:11 [INFO] ------------------------------------------------------------
2026-05-25 00:31:11 [INFO] Migration summary  [DRY-RUN]
2026-05-25 00:31:11 [INFO]   Files moved:   295
2026-05-25 00:31:11 [INFO]   Files skipped: 0
2026-05-25 00:31:11 [INFO]   JSON keys updated: 0
2026-05-25 00:31:11 [INFO] ------------------------------------------------------------
2026-05-25 00:31:11 [INFO] This was a dry-run.  Re-run with --execute to apply changes

Note: the output is too long so I just paste it here
python .agent/skills/vault-organizer/scripts/organize.py scan 
{
    ....
    {
      "filename": "Study Efficiently - High-Performance Learning.md",
      "relative_path": "Artificial_Intelligence/Study Efficiently - High-Performance Learning.md",
      "absolute_path": "D:\\Personlich\\RemoteObsidian\\Artificial_Intelligence\\Study Efficiently - High-Performance Learning.md",
      "size_bytes": 11933,
      "content_preview": "![[Pasted image 20260429211456.png]]\n\nI saw 26 videos on how to study well so that you don't have to.\n\nSo here goes - The Architecture of High-Performance Learning\n\n1. The Neurochemical Foundation: Mastering the Dopamine Economy\n\nIn the architecture of academic mastery, dopamine is the primary currency of attention. It is not merely a \"reward\" molecule but a strategic prerequisite for cognitive engagement. High-performance learning requires the rigorous management of \"Dopamine Loading,\" ensuring that neurochemical resources are preserved for deep work rather than squandered on shallow stimulation. When this economy is mismanaged, cognitive throughput is throttled by neurochemical depletion.\n\nThe Dopamine Spike-Trough Cycle\n\nThe human \"caveman brain\" evolved to treat dopamine as a heat-seeking missile for novelty, yet it remains biologically incapable of fathoming the \"unnatural contrast\" provided by modern digital environments. Artificial dopamine spikes—triggered by social media scrolling, high-sugar meals, or pornography—force the brain into deep, compensatory troughs. This creates a neurochemical environment where low-dopamine tasks like technical reading or mathematical derivation feel \"hellish.\" The brain, having just mainlined pure concentrated dopamine, views the \"smaller meal\" of studying with disdain, leading to immediate attention fragmentation.\n\nThe Dopamine Loading Protocol\n\nMastery requires protecting baseline sensitivity by saving all high-stimulation activities for the post-work window.\n\n* The Standard Student Morning: Characterized by immediate phone usage and high-carb intake, creating a cycle of peaks and crashes that destroys focus before 9:00 AM.\n\n* The High-Performance Morning: This architecture demands a low-stimulation start. It requires immediate sunlight exposure to regulate neurochemistry and—crucially—fasting until 12:00 PM. By avoiding breakfast and digital inputs, you preserve a high-contrast environment where deep work remains the most "
    },
    {
      "filename": "Symbolic with Numpy.md",
      "relative_path": "Artificial_Intelligence/Symbolic with Numpy.md",
      "absolute_path": "D:\\Personlich\\RemoteObsidian\\Artificial_Intelligence\\Symbolic with Numpy.md",
      "size_bytes": 479,
      "content_preview": "It is possible to evaluate the symbolic functions for each element of the array, but you need to make a function `NumPy`-friendly first:\n```python\nfrom sympy.utilities.lambdify import lambdify\n\nf_symb_numpy = lambdify(x, f_symb, 'numpy')\n```\n\n```python\nprint(\"x: \\n\", x_array)\nprint(\"f(x) = x**2: \\n\", f_symb_numpy(x_array))\n\"\"\" output\nx: \n [1 2 3]\nf(x) = x**2: \n [1 4 9]\n\"\"\"\n```\n\n```python\n\n```\n\n```python\n\n```\n\n```python\n\n```\n\n```python\n\n```\n\n"
    },
    {
      "filename": "Xét Tập Xác định.md",
      "relative_path": "Artificial_Intelligence/Xét Tập Xác định.md",
      "absolute_path": "D:\\Personlich\\RemoteObsidian\\Artificial_Intelligence\\Xét Tập Xác định.md",
      "size_bytes": 716,
      "content_preview": "![[Untitled 2 1.png]]\n\n\t\n1. **Biểu thức dưới dấu căn không âm:**\n![[Pasted image 20240623110655.png]]\n\n2. **Mẫu số khác không:**\n![[Pasted image 20240623110707.png]]\n \nKết hợp hai điều kiện trên, ta có tập xác định của hàm số là:\n![[Pasted image 20240623110716.png]]\n\n**Viết dưới dạng hợp của các khoảng:**\n![[Pasted image 20240623110746.png]]\n\n# D = R\n> nghĩa là hàm số đó xác định (tức là có thể tính được giá trị) với mọi giá trị (x) thuộc tập số thực\n+ D = R khi phương trình luôn dương. Có nghĩa là mọi x đều hợp lệ với phương trình.\n\t![[Pasted image 20240623111853.png]]\n\n"
    }
  ],
  "existing_categories": [
    "2_ACTIONS",
    "4_ARCHIVES",
    "3_RESOURCES/AWS & Cloud",
    "3_RESOURCES/Big Data & Databases",
    "3_RESOURCES/NLP & RAG",
    "3_RESOURCES/Computer Vision",
    "3_RESOURCES/Mathematics",
    "3_RESOURCES/Reinforcement Learning",
    "3_RESOURCES/Deep Learning",
    "3_RESOURCES/Machine Learning",
    "3_RESOURCES/AI Agents & Systems",
    "3_RESOURCES/Software Engineering",
    "3_RESOURCES/General AI"
  ]
}